Analysis & Synthesis report for rvcore32
Sat Oct 22 14:42:56 2022
Quartus Prime Version 21.1.0 Build 842 10/21/2021 SJ Lite Edition


---------------------
; Table of Contents ;
---------------------
  1. Legal Notice
  2. Analysis & Synthesis Summary
  3. Analysis & Synthesis Settings
  4. Parallel Compilation
  5. Analysis & Synthesis Source Files Read
  6. Analysis & Synthesis Resource Usage Summary
  7. Analysis & Synthesis Resource Utilization by Entity
  8. General Register Statistics
  9. Multiplexer Restructuring Statistics (Restructuring Performed)
 10. Post-Synthesis Netlist Statistics for Top Partition
 11. Elapsed Time Per Partition
 12. Analysis & Synthesis Messages



----------------
; Legal Notice ;
----------------
Copyright (C) 2021  Intel Corporation. All rights reserved.
Your use of Intel Corporation's design tools, logic functions 
and other software and tools, and any partner logic 
functions, and any output files from any of the foregoing 
(including device programming or simulation files), and any 
associated documentation or information are expressly subject 
to the terms and conditions of the Intel Program License 
Subscription Agreement, the Intel Quartus Prime License Agreement,
the Intel FPGA IP License Agreement, or other applicable license
agreement, including, without limitation, that your use is for
the sole purpose of programming logic devices manufactured by
Intel and sold by Intel or its authorized distributors.  Please
refer to the applicable agreement for further details, at
https://fpgasoftware.intel.com/eula.



+----------------------------------------------------------------------------------+
; Analysis & Synthesis Summary                                                     ;
+------------------------------------+---------------------------------------------+
; Analysis & Synthesis Status        ; Successful - Sat Oct 22 14:42:55 2022       ;
; Quartus Prime Version              ; 21.1.0 Build 842 10/21/2021 SJ Lite Edition ;
; Revision Name                      ; rvcore32                                    ;
; Top-level Entity Name              ; uut_register                                ;
; Family                             ; MAX 10                                      ;
; Total logic elements               ; 2,415                                       ;
;     Total combinational functions  ; 1,423                                       ;
;     Dedicated logic registers      ; 1,088                                       ;
; Total registers                    ; 1088                                        ;
; Total pins                         ; 184                                         ;
; Total virtual pins                 ; 0                                           ;
; Total memory bits                  ; 0                                           ;
; Embedded Multiplier 9-bit elements ; 0                                           ;
; Total PLLs                         ; 0                                           ;
; UFM blocks                         ; 0                                           ;
; ADC blocks                         ; 0                                           ;
+------------------------------------+---------------------------------------------+


+------------------------------------------------------------------------------------------------------------+
; Analysis & Synthesis Settings                                                                              ;
+------------------------------------------------------------------+--------------------+--------------------+
; Option                                                           ; Setting            ; Default Value      ;
+------------------------------------------------------------------+--------------------+--------------------+
; Device                                                           ; 10M50DAF484C7G     ;                    ;
; Top-level entity name                                            ; uut_register       ; rvcore32           ;
; Family name                                                      ; MAX 10             ; Cyclone V          ;
; Maximum processors allowed for parallel compilation              ; All                ;                    ;
; VHDL Show LMF Mapping Messages                                   ; Off                ;                    ;
; VHDL Version                                                     ; VHDL_2008          ; VHDL_1993          ;
; Use smart compilation                                            ; Off                ; Off                ;
; Enable parallel Assembler and Timing Analyzer during compilation ; On                 ; On                 ;
; Enable compact report table                                      ; Off                ; Off                ;
; Restructure Multiplexers                                         ; Auto               ; Auto               ;
; Create Debugging Nodes for IP Cores                              ; Off                ; Off                ;
; Preserve fewer node names                                        ; On                 ; On                 ;
; Intel FPGA IP Evaluation Mode                                    ; Enable             ; Enable             ;
; Verilog Version                                                  ; Verilog_2001       ; Verilog_2001       ;
; State Machine Processing                                         ; Auto               ; Auto               ;
; Safe State Machine                                               ; Off                ; Off                ;
; Extract Verilog State Machines                                   ; On                 ; On                 ;
; Extract VHDL State Machines                                      ; On                 ; On                 ;
; Ignore Verilog initial constructs                                ; Off                ; Off                ;
; Iteration limit for constant Verilog loops                       ; 5000               ; 5000               ;
; Iteration limit for non-constant Verilog loops                   ; 250                ; 250                ;
; Add Pass-Through Logic to Inferred RAMs                          ; On                 ; On                 ;
; Infer RAMs from Raw Logic                                        ; On                 ; On                 ;
; Parallel Synthesis                                               ; On                 ; On                 ;
; DSP Block Balancing                                              ; Auto               ; Auto               ;
; NOT Gate Push-Back                                               ; On                 ; On                 ;
; Power-Up Don't Care                                              ; On                 ; On                 ;
; Remove Redundant Logic Cells                                     ; Off                ; Off                ;
; Remove Duplicate Registers                                       ; On                 ; On                 ;
; Ignore CARRY Buffers                                             ; Off                ; Off                ;
; Ignore CASCADE Buffers                                           ; Off                ; Off                ;
; Ignore GLOBAL Buffers                                            ; Off                ; Off                ;
; Ignore ROW GLOBAL Buffers                                        ; Off                ; Off                ;
; Ignore LCELL Buffers                                             ; Off                ; Off                ;
; Ignore SOFT Buffers                                              ; On                 ; On                 ;
; Limit AHDL Integers to 32 Bits                                   ; Off                ; Off                ;
; Optimization Technique                                           ; Balanced           ; Balanced           ;
; Carry Chain Length                                               ; 70                 ; 70                 ;
; Auto Carry Chains                                                ; On                 ; On                 ;
; Auto Open-Drain Pins                                             ; On                 ; On                 ;
; Perform WYSIWYG Primitive Resynthesis                            ; Off                ; Off                ;
; Auto ROM Replacement                                             ; On                 ; On                 ;
; Auto RAM Replacement                                             ; On                 ; On                 ;
; Auto DSP Block Replacement                                       ; On                 ; On                 ;
; Auto Shift Register Replacement                                  ; Auto               ; Auto               ;
; Allow Shift Register Merging across Hierarchies                  ; Auto               ; Auto               ;
; Auto Clock Enable Replacement                                    ; On                 ; On                 ;
; Strict RAM Replacement                                           ; Off                ; Off                ;
; Allow Synchronous Control Signals                                ; On                 ; On                 ;
; Force Use of Synchronous Clear Signals                           ; Off                ; Off                ;
; Auto RAM Block Balancing                                         ; On                 ; On                 ;
; Auto RAM to Logic Cell Conversion                                ; Off                ; Off                ;
; Auto Resource Sharing                                            ; Off                ; Off                ;
; Allow Any RAM Size For Recognition                               ; Off                ; Off                ;
; Allow Any ROM Size For Recognition                               ; Off                ; Off                ;
; Allow Any Shift Register Size For Recognition                    ; Off                ; Off                ;
; Use LogicLock Constraints during Resource Balancing              ; On                 ; On                 ;
; Ignore translate_off and synthesis_off directives                ; Off                ; Off                ;
; Timing-Driven Synthesis                                          ; On                 ; On                 ;
; Report Parameter Settings                                        ; On                 ; On                 ;
; Report Source Assignments                                        ; On                 ; On                 ;
; Report Connectivity Checks                                       ; On                 ; On                 ;
; Ignore Maximum Fan-Out Assignments                               ; Off                ; Off                ;
; Synchronization Register Chain Length                            ; 2                  ; 2                  ;
; Power Optimization During Synthesis                              ; Normal compilation ; Normal compilation ;
; HDL message level                                                ; Level2             ; Level2             ;
; Suppress Register Optimization Related Messages                  ; Off                ; Off                ;
; Number of Removed Registers Reported in Synthesis Report         ; 5000               ; 5000               ;
; Number of Swept Nodes Reported in Synthesis Report               ; 5000               ; 5000               ;
; Number of Inverted Registers Reported in Synthesis Report        ; 100                ; 100                ;
; Clock MUX Protection                                             ; On                 ; On                 ;
; Auto Gated Clock Conversion                                      ; Off                ; Off                ;
; Block Design Naming                                              ; Auto               ; Auto               ;
; SDC constraint protection                                        ; Off                ; Off                ;
; Synthesis Effort                                                 ; Auto               ; Auto               ;
; Shift Register Replacement - Allow Asynchronous Clear Signal     ; On                 ; On                 ;
; Pre-Mapping Resynthesis Optimization                             ; Off                ; Off                ;
; Analysis & Synthesis Message Level                               ; Medium             ; Medium             ;
; Disable Register Merging Across Hierarchies                      ; Auto               ; Auto               ;
; Resource Aware Inference For Block RAM                           ; On                 ; On                 ;
+------------------------------------------------------------------+--------------------+--------------------+


+------------------------------------------+
; Parallel Compilation                     ;
+----------------------------+-------------+
; Processors                 ; Number      ;
+----------------------------+-------------+
; Number detected on machine ; 8           ;
; Maximum allowed            ; 4           ;
;                            ;             ;
; Average used               ; 1.00        ;
; Maximum used               ; 4           ;
;                            ;             ;
; Usage by Processor         ; % Time Used ;
;     Processor 1            ; 100.0%      ;
;     Processor 2            ;   0.1%      ;
;     Processor 3            ;   0.0%      ;
;     Processor 4            ;   0.0%      ;
+----------------------------+-------------+


+--------------------------------------------------------------------------------------------------------------------------------------------------------------------------+
; Analysis & Synthesis Source Files Read                                                                                                                                   ;
+----------------------------------+-----------------+-----------------+-----------------------------------------------------------------------------------------+---------+
; File Name with User-Entered Path ; Used in Netlist ; File Type       ; File Name with Absolute Path                                                            ; Library ;
+----------------------------------+-----------------+-----------------+-----------------------------------------------------------------------------------------+---------+
; components/uut_register.vhd      ; yes             ; User VHDL File  ; /home/mj/Documents/uob/itce497-senior-project/rvcore32/core/components/uut_register.vhd ;         ;
+----------------------------------+-----------------+-----------------+-----------------------------------------------------------------------------------------+---------+


+---------------------------------------------------------+
; Analysis & Synthesis Resource Usage Summary             ;
+---------------------------------------------+-----------+
; Resource                                    ; Usage     ;
+---------------------------------------------+-----------+
; Estimated Total logic elements              ; 2,415     ;
;                                             ;           ;
; Total combinational functions               ; 1423      ;
; Logic element usage by number of LUT inputs ;           ;
;     -- 4 input functions                    ; 1322      ;
;     -- 3 input functions                    ; 97        ;
;     -- <=2 input functions                  ; 4         ;
;                                             ;           ;
; Logic elements by mode                      ;           ;
;     -- normal mode                          ; 1423      ;
;     -- arithmetic mode                      ; 0         ;
;                                             ;           ;
; Total registers                             ; 1088      ;
;     -- Dedicated logic registers            ; 1088      ;
;     -- I/O registers                        ; 0         ;
;                                             ;           ;
; I/O pins                                    ; 184       ;
;                                             ;           ;
; Embedded Multiplier 9-bit elements          ; 0         ;
;                                             ;           ;
; Maximum fan-out node                        ; clk~input ;
; Maximum fan-out                             ; 1088      ;
; Total fan-out                               ; 12267     ;
; Average fan-out                             ; 4.26      ;
+---------------------------------------------+-----------+


+-------------------------------------------------------------------------------------------------------------------------------------------------------------------------------------------------------------------------------------+
; Analysis & Synthesis Resource Utilization by Entity                                                                                                                                                                                 ;
+----------------------------+---------------------+---------------------------+-------------+------------+--------------+---------+-----------+------+--------------+------------+---------------------+--------------+--------------+
; Compilation Hierarchy Node ; Combinational ALUTs ; Dedicated Logic Registers ; Memory Bits ; UFM Blocks ; DSP Elements ; DSP 9x9 ; DSP 18x18 ; Pins ; Virtual Pins ; ADC blocks ; Full Hierarchy Name ; Entity Name  ; Library Name ;
+----------------------------+---------------------+---------------------------+-------------+------------+--------------+---------+-----------+------+--------------+------------+---------------------+--------------+--------------+
; |uut_register              ; 1423 (1423)         ; 1088 (1088)               ; 0           ; 0          ; 0            ; 0       ; 0         ; 184  ; 0            ; 0          ; |uut_register       ; uut_register ; work         ;
+----------------------------+---------------------+---------------------------+-------------+------------+--------------+---------+-----------+------+--------------+------------+---------------------+--------------+--------------+
Note: For table entries with two numbers listed, the numbers in parentheses indicate the number of resources of the given type used by the specific entity alone. The numbers listed outside of parentheses indicate the total resources of the given type used by the specific entity and all of its sub-entities in the hierarchy.


+------------------------------------------------------+
; General Register Statistics                          ;
+----------------------------------------------+-------+
; Statistic                                    ; Value ;
+----------------------------------------------+-------+
; Total registers                              ; 1088  ;
; Number of registers using Synchronous Clear  ; 32    ;
; Number of registers using Synchronous Load   ; 1024  ;
; Number of registers using Asynchronous Clear ; 1088  ;
; Number of registers using Asynchronous Load  ; 0     ;
; Number of registers using Clock Enable       ; 1088  ;
; Number of registers using Preset             ; 0     ;
+----------------------------------------------+-------+


+-------------------------------------------------------------------------------------------------------------------------------------------+
; Multiplexer Restructuring Statistics (Restructuring Performed)                                                                            ;
+--------------------+-----------+---------------+----------------------+------------------------+------------+-----------------------------+
; Multiplexer Inputs ; Bus Width ; Baseline Area ; Area if Restructured ; Saving if Restructured ; Registered ; Example Multiplexer Output  ;
+--------------------+-----------+---------------+----------------------+------------------------+------------+-----------------------------+
; 4:1                ; 32 bits   ; 64 LEs        ; 64 LEs               ; 0 LEs                  ; Yes        ; |uut_register|myreg[31][19] ;
; 4:1                ; 32 bits   ; 64 LEs        ; 64 LEs               ; 0 LEs                  ; Yes        ; |uut_register|myreg[30][12] ;
; 4:1                ; 32 bits   ; 64 LEs        ; 64 LEs               ; 0 LEs                  ; Yes        ; |uut_register|myreg[29][3]  ;
; 4:1                ; 32 bits   ; 64 LEs        ; 64 LEs               ; 0 LEs                  ; Yes        ; |uut_register|myreg[28][11] ;
; 4:1                ; 32 bits   ; 64 LEs        ; 64 LEs               ; 0 LEs                  ; Yes        ; |uut_register|myreg[27][12] ;
; 4:1                ; 32 bits   ; 64 LEs        ; 64 LEs               ; 0 LEs                  ; Yes        ; |uut_register|myreg[26][11] ;
; 4:1                ; 32 bits   ; 64 LEs        ; 64 LEs               ; 0 LEs                  ; Yes        ; |uut_register|myreg[25][7]  ;
; 4:1                ; 32 bits   ; 64 LEs        ; 64 LEs               ; 0 LEs                  ; Yes        ; |uut_register|myreg[24][31] ;
; 4:1                ; 32 bits   ; 64 LEs        ; 64 LEs               ; 0 LEs                  ; Yes        ; |uut_register|myreg[23][17] ;
; 4:1                ; 32 bits   ; 64 LEs        ; 64 LEs               ; 0 LEs                  ; Yes        ; |uut_register|myreg[22][15] ;
; 4:1                ; 32 bits   ; 64 LEs        ; 64 LEs               ; 0 LEs                  ; Yes        ; |uut_register|myreg[21][6]  ;
; 4:1                ; 32 bits   ; 64 LEs        ; 64 LEs               ; 0 LEs                  ; Yes        ; |uut_register|myreg[20][7]  ;
; 4:1                ; 32 bits   ; 64 LEs        ; 64 LEs               ; 0 LEs                  ; Yes        ; |uut_register|myreg[19][27] ;
; 4:1                ; 32 bits   ; 64 LEs        ; 64 LEs               ; 0 LEs                  ; Yes        ; |uut_register|myreg[18][26] ;
; 4:1                ; 32 bits   ; 64 LEs        ; 64 LEs               ; 0 LEs                  ; Yes        ; |uut_register|myreg[17][10] ;
; 4:1                ; 32 bits   ; 64 LEs        ; 64 LEs               ; 0 LEs                  ; Yes        ; |uut_register|myreg[16][31] ;
; 4:1                ; 32 bits   ; 64 LEs        ; 64 LEs               ; 0 LEs                  ; Yes        ; |uut_register|myreg[15][28] ;
; 4:1                ; 32 bits   ; 64 LEs        ; 64 LEs               ; 0 LEs                  ; Yes        ; |uut_register|myreg[14][0]  ;
; 4:1                ; 32 bits   ; 64 LEs        ; 64 LEs               ; 0 LEs                  ; Yes        ; |uut_register|myreg[13][23] ;
; 4:1                ; 32 bits   ; 64 LEs        ; 64 LEs               ; 0 LEs                  ; Yes        ; |uut_register|myreg[12][4]  ;
; 4:1                ; 32 bits   ; 64 LEs        ; 64 LEs               ; 0 LEs                  ; Yes        ; |uut_register|myreg[11][20] ;
; 4:1                ; 32 bits   ; 64 LEs        ; 64 LEs               ; 0 LEs                  ; Yes        ; |uut_register|myreg[10][17] ;
; 4:1                ; 32 bits   ; 64 LEs        ; 64 LEs               ; 0 LEs                  ; Yes        ; |uut_register|myreg[9][6]   ;
; 4:1                ; 32 bits   ; 64 LEs        ; 64 LEs               ; 0 LEs                  ; Yes        ; |uut_register|myreg[8][15]  ;
; 4:1                ; 32 bits   ; 64 LEs        ; 64 LEs               ; 0 LEs                  ; Yes        ; |uut_register|myreg[7][0]   ;
; 4:1                ; 32 bits   ; 64 LEs        ; 64 LEs               ; 0 LEs                  ; Yes        ; |uut_register|myreg[6][7]   ;
; 4:1                ; 32 bits   ; 64 LEs        ; 64 LEs               ; 0 LEs                  ; Yes        ; |uut_register|myreg[5][14]  ;
; 4:1                ; 32 bits   ; 64 LEs        ; 64 LEs               ; 0 LEs                  ; Yes        ; |uut_register|myreg[4][18]  ;
; 4:1                ; 32 bits   ; 64 LEs        ; 64 LEs               ; 0 LEs                  ; Yes        ; |uut_register|myreg[3][23]  ;
; 4:1                ; 32 bits   ; 64 LEs        ; 64 LEs               ; 0 LEs                  ; Yes        ; |uut_register|myreg[2][27]  ;
; 4:1                ; 32 bits   ; 64 LEs        ; 64 LEs               ; 0 LEs                  ; Yes        ; |uut_register|myreg[1][8]   ;
; 32:1               ; 32 bits   ; 672 LEs       ; 672 LEs              ; 0 LEs                  ; Yes        ; |uut_register|rs1[1]~reg0   ;
; 32:1               ; 32 bits   ; 672 LEs       ; 672 LEs              ; 0 LEs                  ; Yes        ; |uut_register|rs2[14]~reg0  ;
; 5:1                ; 32 bits   ; 96 LEs        ; 64 LEs               ; 32 LEs                 ; Yes        ; |uut_register|myreg[0][31]  ;
+--------------------+-----------+---------------+----------------------+------------------------+------------+-----------------------------+


+-----------------------------------------------------+
; Post-Synthesis Netlist Statistics for Top Partition ;
+-----------------------+-----------------------------+
; Type                  ; Count                       ;
+-----------------------+-----------------------------+
; boundary_port         ; 184                         ;
; cycloneiii_ff         ; 1088                        ;
;     ENA CLR           ; 64                          ;
;     ENA CLR SCLR SLD  ; 32                          ;
;     ENA CLR SLD       ; 992                         ;
; cycloneiii_lcell_comb ; 1423                        ;
;     normal            ; 1423                        ;
;         2 data inputs ; 4                           ;
;         3 data inputs ; 97                          ;
;         4 data inputs ; 1322                        ;
;                       ;                             ;
; Max LUT depth         ; 5.00                        ;
; Average LUT depth     ; 4.03                        ;
+-----------------------+-----------------------------+


+-------------------------------+
; Elapsed Time Per Partition    ;
+----------------+--------------+
; Partition Name ; Elapsed Time ;
+----------------+--------------+
; Top            ; 00:00:11     ;
+----------------+--------------+


+-------------------------------+
; Analysis & Synthesis Messages ;
+-------------------------------+
Info: *******************************************************************
Info: Running Quartus Prime Analysis & Synthesis
    Info: Version 21.1.0 Build 842 10/21/2021 SJ Lite Edition
    Info: Processing started: Sat Oct 22 14:42:33 2022
Info: Command: quartus_map --read_settings_files=on --write_settings_files=off rvcore32 -c rvcore32
Info (20030): Parallel compilation is enabled and will use 4 of the 4 processors detected
Info (12021): Found 2 design units, including 1 entities, in source file components/control_unit.vhd
    Info (12022): Found design unit 1: control_unit-rtl File: /home/mj/Documents/uob/itce497-senior-project/rvcore32/core/components/control_unit.vhd Line: 22
    Info (12023): Found entity 1: control_unit File: /home/mj/Documents/uob/itce497-senior-project/rvcore32/core/components/control_unit.vhd Line: 5
Info (12021): Found 2 design units, including 1 entities, in source file components/main.vhd
    Info (12022): Found design unit 1: main-rtl File: /home/mj/Documents/uob/itce497-senior-project/rvcore32/core/components/main.vhd Line: 12
    Info (12023): Found entity 1: main File: /home/mj/Documents/uob/itce497-senior-project/rvcore32/core/components/main.vhd Line: 5
Info (12021): Found 2 design units, including 1 entities, in source file components/memory_interface.vhd
    Info (12022): Found design unit 1: memory_interface-rtl File: /home/mj/Documents/uob/itce497-senior-project/rvcore32/core/components/memory_interface.vhd Line: 20
    Info (12023): Found entity 1: memory_interface File: /home/mj/Documents/uob/itce497-senior-project/rvcore32/core/components/memory_interface.vhd Line: 5
Info (12021): Found 2 design units, including 1 entities, in source file components/uut_alu.vhd
    Info (12022): Found design unit 1: uut_alu-rtl File: /home/mj/Documents/uob/itce497-senior-project/rvcore32/core/components/uut_alu.vhd Line: 40
    Info (12023): Found entity 1: uut_alu File: /home/mj/Documents/uob/itce497-senior-project/rvcore32/core/components/uut_alu.vhd Line: 6
Info (12021): Found 2 design units, including 1 entities, in source file components/uut_decode.vhd
    Info (12022): Found design unit 1: uut_decode-rtl File: /home/mj/Documents/uob/itce497-senior-project/rvcore32/core/components/uut_decode.vhd Line: 37
    Info (12023): Found entity 1: uut_decode File: /home/mj/Documents/uob/itce497-senior-project/rvcore32/core/components/uut_decode.vhd Line: 6
Info (12021): Found 2 design units, including 1 entities, in source file components/uut_fetch.vhd
    Info (12022): Found design unit 1: uut_fetch-rtl File: /home/mj/Documents/uob/itce497-senior-project/rvcore32/core/components/uut_fetch.vhd Line: 25
    Info (12023): Found entity 1: uut_fetch File: /home/mj/Documents/uob/itce497-senior-project/rvcore32/core/components/uut_fetch.vhd Line: 7
Info (12021): Found 2 design units, including 1 entities, in source file components/uut_mem.vhd
    Info (12022): Found design unit 1: uut_mem-rtl File: /home/mj/Documents/uob/itce497-senior-project/rvcore32/core/components/uut_mem.vhd Line: 33
    Info (12023): Found entity 1: uut_mem File: /home/mj/Documents/uob/itce497-senior-project/rvcore32/core/components/uut_mem.vhd Line: 5
Info (12021): Found 2 design units, including 1 entities, in source file components/uut_register.vhd
    Info (12022): Found design unit 1: uut_register-rtl File: /home/mj/Documents/uob/itce497-senior-project/rvcore32/core/components/uut_register.vhd Line: 27
    Info (12023): Found entity 1: uut_register File: /home/mj/Documents/uob/itce497-senior-project/rvcore32/core/components/uut_register.vhd Line: 6
Info (12021): Found 2 design units, including 1 entities, in source file testbenches/memory_interface_tb.vhd
    Info (12022): Found design unit 1: memory_interface_tb-rtl File: /home/mj/Documents/uob/itce497-senior-project/rvcore32/core/testbenches/memory_interface_tb.vhd Line: 8
    Info (12023): Found entity 1: memory_interface_tb File: /home/mj/Documents/uob/itce497-senior-project/rvcore32/core/testbenches/memory_interface_tb.vhd Line: 5
Info (12021): Found 2 design units, including 1 entities, in source file components/ram/ram.vhd
    Info (12022): Found design unit 1: ram-SYN File: /home/mj/Documents/uob/itce497-senior-project/rvcore32/core/components/ram/ram.vhd Line: 57
    Info (12023): Found entity 1: ram File: /home/mj/Documents/uob/itce497-senior-project/rvcore32/core/components/ram/ram.vhd Line: 43
Info (12021): Found 2 design units, including 1 entities, in source file components/memory_interface_1.vhd
    Info (12022): Found design unit 1: memory_interface_1-rtl File: /home/mj/Documents/uob/itce497-senior-project/rvcore32/core/components/memory_interface_1.vhd Line: 17
    Info (12023): Found entity 1: memory_interface_1 File: /home/mj/Documents/uob/itce497-senior-project/rvcore32/core/components/memory_interface_1.vhd Line: 5
Info (12021): Found 2 design units, including 1 entities, in source file components/rom/rom.vhd
    Info (12022): Found design unit 1: rom-SYN File: /home/mj/Documents/uob/itce497-senior-project/rvcore32/core/components/rom/rom.vhd Line: 55
    Info (12023): Found entity 1: rom File: /home/mj/Documents/uob/itce497-senior-project/rvcore32/core/components/rom/rom.vhd Line: 43
Info (12021): Found 2 design units, including 1 entities, in source file components/test.vhd
    Info (12022): Found design unit 1: test-rtl File: /home/mj/Documents/uob/itce497-senior-project/rvcore32/core/components/test.vhd Line: 11
    Info (12023): Found entity 1: test File: /home/mj/Documents/uob/itce497-senior-project/rvcore32/core/components/test.vhd Line: 5
Info (12127): Elaborating entity "uut_register" for the top level hierarchy
Info (286030): Timing-Driven Synthesis is running
Info (16010): Generating hard_block partition "hard_block:auto_generated_inst"
    Info (16011): Adding 0 node(s), including 0 DDIO, 0 PLL, 0 transceiver and 0 LCELL
Info (21057): Implemented 2631 device resources after synthesis - the final resource count might be different
    Info (21058): Implemented 120 input pins
    Info (21059): Implemented 64 output pins
    Info (21061): Implemented 2447 logic cells
Info: Quartus Prime Analysis & Synthesis was successful. 0 errors, 0 warnings
    Info: Peak virtual memory: 661 megabytes
    Info: Processing ended: Sat Oct 22 14:42:56 2022
    Info: Elapsed time: 00:00:23
    Info: Total CPU time (on all processors): 00:00:39


