------------------------------------------------------------
Timing Analyzer Summary
------------------------------------------------------------

Type  : Slow 1200mV 85C Model Setup 'clk'
Slack : -6.165
TNS   : -1277.905

Type  : Slow 1200mV 85C Model Setup 'ram:u0|altera_onchip_flash:onchip_flash_0|altera_onchip_flash_avmm_data_controller:avmm_data_controller|flash_se_neg_reg'
Slack : -5.292
TNS   : -5.292

Type  : Slow 1200mV 85C Model Hold 'clk'
Slack : -0.017
TNS   : -0.017

Type  : Slow 1200mV 85C Model Hold 'ram:u0|altera_onchip_flash:onchip_flash_0|altera_onchip_flash_avmm_data_controller:avmm_data_controller|flash_se_neg_reg'
Slack : 4.802
TNS   : 0.000

Type  : Slow 1200mV 85C Model Recovery 'clk'
Slack : -0.971
TNS   : -28.221

Type  : Slow 1200mV 85C Model Removal 'clk'
Slack : 1.311
TNS   : 0.000

Type  : Slow 1200mV 85C Model Minimum Pulse Width 'clk'
Slack : -3.000
TNS   : -539.399

Type  : Slow 1200mV 85C Model Minimum Pulse Width 'ram:u0|altera_onchip_flash:onchip_flash_0|altera_onchip_flash_avmm_data_controller:avmm_data_controller|flash_se_neg_reg'
Slack : -1.713
TNS   : -3.287

Type  : Slow 1200mV 85C Model Minimum Pulse Width 'u0|onchip_flash_0|altera_onchip_flash_block|ufm_block|osc'
Slack : 90.666
TNS   : 0.000

Type  : Slow 1200mV 0C Model Setup 'clk'
Slack : -5.756
TNS   : -1162.506

Type  : Slow 1200mV 0C Model Setup 'ram:u0|altera_onchip_flash:onchip_flash_0|altera_onchip_flash_avmm_data_controller:avmm_data_controller|flash_se_neg_reg'
Slack : -4.733
TNS   : -4.733

Type  : Slow 1200mV 0C Model Hold 'clk'
Slack : -0.182
TNS   : -0.182

Type  : Slow 1200mV 0C Model Hold 'ram:u0|altera_onchip_flash:onchip_flash_0|altera_onchip_flash_avmm_data_controller:avmm_data_controller|flash_se_neg_reg'
Slack : 4.304
TNS   : 0.000

Type  : Slow 1200mV 0C Model Recovery 'clk'
Slack : -0.847
TNS   : -24.206

Type  : Slow 1200mV 0C Model Removal 'clk'
Slack : 1.218
TNS   : 0.000

Type  : Slow 1200mV 0C Model Minimum Pulse Width 'clk'
Slack : -3.000
TNS   : -538.630

Type  : Slow 1200mV 0C Model Minimum Pulse Width 'ram:u0|altera_onchip_flash:onchip_flash_0|altera_onchip_flash_avmm_data_controller:avmm_data_controller|flash_se_neg_reg'
Slack : -1.733
TNS   : -3.247

Type  : Slow 1200mV 0C Model Minimum Pulse Width 'u0|onchip_flash_0|altera_onchip_flash_block|ufm_block|osc'
Slack : 90.684
TNS   : 0.000

Type  : Fast 1200mV 0C Model Setup 'clk'
Slack : -4.514
TNS   : -437.319

Type  : Fast 1200mV 0C Model Setup 'ram:u0|altera_onchip_flash:onchip_flash_0|altera_onchip_flash_avmm_data_controller:avmm_data_controller|flash_se_neg_reg'
Slack : -2.243
TNS   : -2.243

Type  : Fast 1200mV 0C Model Hold 'clk'
Slack : -0.094
TNS   : -2.750

Type  : Fast 1200mV 0C Model Hold 'ram:u0|altera_onchip_flash:onchip_flash_0|altera_onchip_flash_avmm_data_controller:avmm_data_controller|flash_se_neg_reg'
Slack : 1.619
TNS   : 0.000

Type  : Fast 1200mV 0C Model Recovery 'clk'
Slack : 0.071
TNS   : 0.000

Type  : Fast 1200mV 0C Model Removal 'clk'
Slack : 0.555
TNS   : 0.000

Type  : Fast 1200mV 0C Model Minimum Pulse Width 'clk'
Slack : -3.000
TNS   : -402.442

Type  : Fast 1200mV 0C Model Minimum Pulse Width 'ram:u0|altera_onchip_flash:onchip_flash_0|altera_onchip_flash_avmm_data_controller:avmm_data_controller|flash_se_neg_reg'
Slack : -1.529
TNS   : -3.041

Type  : Fast 1200mV 0C Model Minimum Pulse Width 'u0|onchip_flash_0|altera_onchip_flash_block|ufm_block|osc'
Slack : 90.690
TNS   : 0.000

------------------------------------------------------------
