------------------------------------------------------------
Timing Analyzer Summary
------------------------------------------------------------

Type  : Slow 1200mV 85C Model Setup 'clk'
Slack : -6.927
TNS   : -7597.413

Type  : Slow 1200mV 85C Model Hold 'clk'
Slack : 0.322
TNS   : 0.000

Type  : Slow 1200mV 85C Model Recovery 'clk'
Slack : -4.088
TNS   : -4218.356

Type  : Slow 1200mV 85C Model Removal 'clk'
Slack : 1.575
TNS   : 0.000

Type  : Slow 1200mV 85C Model Minimum Pulse Width 'clk'
Slack : -3.000
TNS   : -2686.892

Type  : Slow 1200mV 0C Model Setup 'clk'
Slack : -6.369
TNS   : -6884.304

Type  : Slow 1200mV 0C Model Hold 'clk'
Slack : 0.288
TNS   : 0.000

Type  : Slow 1200mV 0C Model Recovery 'clk'
Slack : -3.644
TNS   : -3710.524

Type  : Slow 1200mV 0C Model Removal 'clk'
Slack : 1.429
TNS   : 0.000

Type  : Slow 1200mV 0C Model Minimum Pulse Width 'clk'
Slack : -3.000
TNS   : -2675.500

Type  : Fast 1200mV 0C Model Setup 'clk'
Slack : -2.581
TNS   : -2477.143

Type  : Fast 1200mV 0C Model Hold 'clk'
Slack : 0.140
TNS   : 0.000

Type  : Fast 1200mV 0C Model Recovery 'clk'
Slack : -1.412
TNS   : -1296.616

Type  : Fast 1200mV 0C Model Removal 'clk'
Slack : 0.679
TNS   : 0.000

Type  : Fast 1200mV 0C Model Minimum Pulse Width 'clk'
Slack : -3.000
TNS   : -1880.651

------------------------------------------------------------
